ESP-ROM:esp32s3-20210327
Build:Mar 27 2021
rst:0x1 (POWERON),boot:0x8 (SPI_FAST_FLASH_BOOT)
SPIWP:0xee
mode:DIO, clock div:1
load:0x3fce3808,len:0x44c
load:0x403c9700,len:0xbe4
load:0x403cc700,len:0x2a68
entry 0x403c98d4
Heap Caps: 8386019 Bytes
Heap Caps after malloc: 4238787 Bytes
HW Version = V3.3
IST9201 IO Initialized.
SD_MMC Start.
SD_MMC Card Type: SDHC
SD_MMC Card Size: 3724MB
FileList deleted!
Listing directory: /
  DIR : System Volume Information
  FILE: 5 水巷.bmp  SIZE: 11059256
Find: 5 水巷.bmp
FileList Add: /5 水巷.bmp
  FILE: 1 蓝莓.bmp  SIZE: 11059256
Find: 1 蓝莓.bmp
FileList Add: /1 蓝莓.bmp
  FILE: 2 老虎.bmp  SIZE: 11059256
Find: 2 老虎.bmp
FileList Add: /2 老虎.bmp
  FILE: 3 青蛙.bmp  SIZE: 11059256
Find: 3 青蛙.bmp
FileList Add: /3 青蛙.bmp
  FILE: 4 风车.bmp  SIZE: 11059256
Find: 4 风车.bmp
FileList Add: /4 风车.bmp
  FILE: 6 油画.bmp  SIZE: 11059256
Find: 6 油画.bmp
FileList Add: /6 油画.bmp
  FILE: 7 彩色铅笔.bmp  SIZE: 11059256
Find: 7 彩色铅笔.bmp
FileList Add: /7 彩色铅笔.bmp
  FILE: 8 手绘图.bmp  SIZE: 11059256
Find: 8 手绘图.bmp
FileList Add: /8 手绘图.bmp
Total 8 Image Files Found!
Current File Index: 0


D:\_Work_Of_Mine\__EPD_projects\wifi-13.3\src\YEPD [display-bmp-3150 +5 ~12 -0 !]> $env:IDF_PATH = 'd:\Programs\esp-idf\Espressif\frameworks\esp-idf-v5.3.1';
D:\_Work_Of_Mine\__EPD_projects\wifi-13.3\src\YEPD [display-bmp-3150 +5 ~12 -0 !]>  & 'd:\Programs\esp-idf-tools\python_env\idf5.3_py3.11_env\Scripts\python.exe' 'd:\Programs\esp-idf\Espressif\frameworks\esp-idf-v5.3.1\tools\idf_monitor.py' -p COM3 -b 115200 --toolchain-prefix xtensa-esp32s3-elf- --make '''d:\Programs\esp-idf-tools\python_env\idf5.3_py3.11_env\Scripts\python.exe'' ''d:\Programs\esp-idf\Espressif\frameworks\esp-idf-v5.3.1\tools\idf.py''' --target esp32s3 'd:\_Work_Of_Mine\__EPD_projects\wifi-13.3\src\YEPD\build\YEPD.elf'
--- Warning: GDB cannot open serial ports accessed as COMx59ca-1270-475f-af78-03f86f5684fb
--- Using \\.\COM3 instead...
--- esp-idf-monitor 1.5.0 on \\.\COM3 115200
--- Quit: Ctrl+] | Menu: Ctrl+T | Help: Ctrl+T followed by Ctrl+H
ESP-ROM:esp32s3-20210327
Build:Mar 27 2021
rst:0x1 (POWERON),boot:0x8 (SPI_FAST_FLASH_BOOT)
SPIWP:0xee
mode:DIO, clock div:1
load:0x3fce3808,len:0x44c
load:0x403c9700,len:0xbe4
load:0x403cc700,len:0x2a68
entry 0x403c98d4
Heap Caps: 8386019 Bytes
Heap Caps after malloc: 4238787 Bytes
HW Version = V3.3
IST9201 IO Initialized.
SD_MMC Start.
SD_MMC Card Type: SDHC
SD_MMC Card Size: 3724MB
FileList deleted!
Listing directory: /
  DIR : System Volume Information
  FILE: config.json  SIZE: 98
  FILE: wifiinfo.txt  SIZE: 43
  FILE: webinfo.txt  SIZE: 20
  FILE: 5 水巷.bmp  SIZE: 11059256
Find: 5 水巷.bmp
FileList Add: /5 水巷.bmp
  FILE: 1 蓝莓.bmp  SIZE: 11059256
Find: 1 蓝莓.bmp
FileList Add: /1 蓝莓.bmp
  FILE: 2 老虎.bmp  SIZE: 11059256
Find: 2 老虎.bmp
FileList Add: /2 老虎.bmp
  FILE: 3 青蛙.bmp  SIZE: 11059256
Find: 3 青蛙.bmp
FileList Add: /3 青蛙.bmp
  FILE: 4 风车.bmp  SIZE: 11059256
Find: 4 风车.bmp
FileList Add: /4 风车.bmp
  FILE: 6 油画.bmp  SIZE: 11059256
Find: 6 油画.bmp
FileList Add: /6 油画.bmp
  FILE: 7 彩色铅笔.bmp  SIZE: 11059256
Find: 7 彩色铅笔.bmp
FileList Add: /7 彩色铅笔.bmp
  FILE: 8 手绘图.bmp  SIZE: 11059256
Find: 8 手绘图.bmp
FileList Add: /8 手绘图.bmp
Total 8 Image Files Found!
Current File Index: 0
Key 1 Pressed
KEY_VAL_PREV
FileList Get: /8 手绘图.bmp
Display /8 手绘图.bmp
Skip File Header.
Start Downloading & Processing:
All Line Processed.
EL315TW1 Demo Start.
Power On IST9201 & EPD
IST9201 I2C Interface Initialized.
Driver IC [0] = 0x01 0x56 0x56 
Driver IC [0] is ready. 
Driver IC [1] = 0x01 0x56 0x56
Driver IC [1] is ready.
Driver IC [2] = 0x01 0x56 0x56
Driver IC [2] is ready.
Driver IC [3] = 0x01 0x56 0x56
Driver IC [3] is ready.
Driver IC [4] = 0x01 0x56 0x56
Driver IC [4] is ready. 
Driver IC [5] = 0x01 0x56 0x56
Driver IC [5] is ready.
Driver IC [6] = 0x01 0x56 0x56
Driver IC [6] is ready.
Driver IC [7] = 0x01 0x56 0x56
Driver IC [7] is ready.
EL315TW1 Init Done.
EL315TW1 Data Packing Done.
Sending Display Data....
Done.
Turn on Pmic
1. 0x1B, 2. 0x80 
1. 0x1C, 2. 0xA8 
enablePmic() done. 
PON
DRF
POF
Turn Off Pmic
Power Off Sequence Start ...
IST9201 PG Low.
Power Switch Disable Start.
Power Switch Disable Done.
Display Frame complete.
EL315TW1 Display Picture Done.
EL315TW1_Sleep Done.
IST9201 I2C Interface Deunitialized.
Power Off IST9201 & EPD.
EL315TW1_Deinit Done.
